*****#10# 2 1 1 2 1 1 1 0 0 0 #
*****#10# 0 0 0 0 0 0 0 0 0 0 #
*****#10# 1 0 0 0 0 0 0 1 0 2 #
*****#10# 1 0 0 0 0 0 0 1 0 2 #
*****#10# 0 0 0 4 0 0 0 0 0 0 #
*****#10# 0 0 0 0 0 0 0 0 0 2 #
*****#10# 2 0 0 0 0 0 0 0 0 0 #
*****#10# 2 0 0 1 0 0 0 0 0 0 #
*****#10# 2 0 0 0 0 0 0 0 0 0 #
*****#10# 2 0 0 0 0 0 0 0 0 0 #
*****#10# 0 0 0 0 1 0 0 0 0 0 #
*****#10# 0 0 0 0 1 0 0 0 0 0 #
*****#10# 0 0 0 4 0 0 0 0 0 0 #
*****#10# 0 0 0 4 0 0 0 0 0 0 #
*****#10# 0 0 1 4 0 0 0 0 0 0 #
*****#10# 0 0 1 0 0 0 0 0 0 0 #
*****#10# 0 0 1 0 0 0 0 0 0 0 #
*****#10# 0 1 1 0 0 1 0 0 0 0 #
*****#10# 0 1 1 0 0 1 0 1 0 0 #
*****#10# 0 1 0 0 0 1 0 1 0 0 #
*****#10# 0 0 0 0 0 0 0 1 0 0 #
*****#10# 2 0 1 0 0 0 0 0 0 0 #
*****#10# 2 0 1 0 0 0 0 0 0 0 #
*****#10# 2 0 1 0 0 0 0 0 0 0 #
*****#10# 2 0 1 0 0 0 0 0 0 0 #
*****#10# 2 0 1 0 0 0 0 0 1 0 #
*****#10# 0 1 0 0 0 0 0 0 0 0 #
*****#10# 7 1 1 3 0 1 2 0 0 0 #
*****#10# 7 1 1 3 0 1 2 0 0 0 #
*****#10# 3 1 0 0 0 0 0 0 0 0 #
*****#10# 0 0 0 0 0 0 0 0 0 0 #
*****#10# 0 0 0 0 0 0 0 0 0 0 #
*****#10# 0 0 0 0 0 0 0 0 0 0 #
*****#10# 2 0 0 0 0 1 0 0 0 0 #
*****#10# 0 0 0 0 0 0 0 0 0 1 #
*****#10# 1 0 0 0 0 0 0 0 0 2 #
*****#10# 3 0 0 0 0 0 0 0 0 0 #
*****#10# 2 0 0 0 0 0 0 0 0 0 #
*****#10# 0 0 0 1 0 0 0 0 0 0 #
*****#10# 0 1 0 0 0 0 0 0 0 0 #
*****#10# 0 1 0 0 0 1 0 0 0 0 #
*****#10# 0 0 0 0 0 0 0 0 0 0 #
*****#10# 0 1 0 0 0 0 0 0 0 0 #
*****#10# 0 0 0 0 0 0 0 0 0 0 #
*****#10# 2 0 0 1 0 1 1 0 0 0 #
*****#10# 0 0 0 0 0 1 0 0 0 0 #
*****#10# 0 0 0 0 0 0 0 0 0 0 #
*****#10# 0 0 0 0 0 0 0 0 0 0 #
*****#10# 0 0 0 0 0 1 0 0 0 0 #
*****#10# 2 0 0 0 0 1 0 0 0 0 #
*****#10# 0 1 0 0 0 0 0 0 0 0 #
*****#10# 0 0 1 0 0 0 0 0 0 0 #
*****#10# 0 0 1 0 0 0 0 0 0 0 #
*****#10# 0 1 0 0 0 0 0 0 0 0 #
*****#10# 0 1 0 0 0 0 0 0 0 0 #
*****#10# 0 1 0 0 0 0 0 0 0 0 #
*****#10# 1 0 0 0 0 0 0 0 0 0 #
*****#10# 0 0 0 0 0 0 0 0 0 0 #
*****#10# 0 0 0 1 0 0 0 0 0 0 #
*****#10# 0 0 0 2 0 0 0 0 0 0 #
*****#10# 0 0 0 1 0 0 1 0 0 0 #
*****#10# 0 0 0 0 0 0 1 0 0 0 #
*****#10# 0 0 0 1 0 0 0 0 0 0 #
*****#10# 2 0 0 0 0 0 0 0 0 0 #
*****#10# 0 0 0 0 0 0 1 0 0 0 #
*****#10# 0 0 0 0 0 0 1 0 0 0 #
*****#10# 2 0 0 0 0 0 0 0 0 0 #
[32m*****#10# 2 0 0 1 0 0 1 0 0 0 #[0m
[32m*****#10# 2 0 0 1 0 0 1 0 0 0 #[0m
[32m*****#10# 0 0 0 0 0 0 0 0 0 6 #[0m
[32m*****#10# 0 0 0 0 0 0 0 0 0 0 #[0m
[32m*****#10# 0 0 0 0 0 0 0 0 0 0 #[0m
[32m*****#10# 0 0 0 0 0 0 0 0 0 0 #[0m
[32m*****#10# 0 0 0 0 0 0 0 0 0 0 #[0m
[32m*****#10# 0 0 0 0 0 0 0 0 0 0 #[0m
[32m*****#10# 0 0 0 0 0 0 0 0 0 0 #[0m
[32m*****#10# 0 0 0 0 0 0 0 0 0 0 #[0m
[32m*****#10# 0 0 0 0 0 0 0 0 0 0 #[0m
[32m*****#10# 0 0 0 0 0 0 0 0 0 0 #[0m
[32m*****#10# 0 0 0 0 0 0 0 0 0 0 #[0m
[32m*****#10# 0 0 0 0 0 0 0 0 0 0 #[0m
[32m*****#10# 0 0 0 0 0 0 0 0 0 0 #[0m
[32m*****#10# 0 0 0 0 0 0 0 0 0 2 #[0m
[32m*****#10# 0 0 0 0 0 0 0 0 0 2 #[0m
[32m*****#10# 0 0 0 0 0 0 0 0 0 2 #[0m
[32m*****#10# 0 0 0 0 0 0 0 0 0 2 #[0m
[32m*****#10# 0 0 0 0 0 0 0 0 0 2 #[0m
[32m*****#10# 0 0 0 0 0 0 0 0 0 2 #[0m
[32m*****#10# 0 0 0 0 0 0 0 0 0 1 #[0m
[32m*****#10# 0 0 0 0 0 0 0 0 0 1 #[0m
[32m*****#10# 0 0 0 0 0 0 0 0 0 2 #[0m
[32m*****#10# 1 0 0 0 0 0 0 0 0 0 #[0m
*****#10# 2 0 0 1 0 0 1 0 0 0 #
*****#10# 2 0 0 1 0 0 1 0 0 0 #
*****#10# 2 0 0 1 0 0 1 0 0 1 #
*****#10# 0 0 0 0 0 0 0 0 0 1 #
*****#10# 0 0 0 0 0 0 0 0 0 1 #
*****#10# 0 0 0 0 0 0 0 0 0 1 #
*****#10# 0 0 0 0 0 0 0 0 0 1 #
*****#10# 0 0 0 0 0 0 0 0 0 1 #
*****#10# 0 0 0 0 0 0 0 0 0 1 #
*****#10# 0 0 0 1 0 0 0 0 0 0 #
*****#10# 0 0 0 0 0 0 0 0 0 0 #
*****#10# 0 0 0 0 0 0 0 0 0 0 #
*****#10# 0 0 0 0 0 0 0 0 0 0 #
*****#10# 2 0 0 0 0 0 0 0 0 0 #
*****#10# 0 0 0 0 0 0 0 0 0 0 #
*****#10# 0 0 0 0 0 0 0 0 0 1 #
*****#10# 1 0 0 0 0 0 0 0 0 0 #
*****#10# 1 0 0 0 0 0 0 0 0 0 #
*****#10# 2 0 0 0 0 0 0 0 0 0 #
*****#10# 1 0 0 0 0 0 0 0 0 1 #
*****#10# 1 0 0 0 0 0 0 0 0 1 #
*****#10# 1 0 0 0 0 0 0 0 0 1 #
*****#10# 1 0 0 0 0 0 0 0 0 1 #
*****#10# 1 0 0 0 0 0 0 0 0 1 #
*****#10# 1 0 0 0 0 0 0 0 0 1 #
*****#10# 2 0 0 0 0 0 0 0 0 0 #
*****#10# 0 0 0 1 0 0 0 0 0 0 #
*****#10# 1 0 0 0 0 0 0 0 0 0 #
*****#10# 2 0 0 0 0 0 0 0 0 0 #
*****#10# 0 0 0 0 0 0 0 0 0 0 #
*****#10# 0 0 0 0 0 0 0 0 0 0 #
*****#10# 0 0 0 0 0 0 0 0 0 0 #
*****#10# 0 0 0 0 0 0 0 0 0 1 #
*****#10# 0 0 0 0 0 0 0 0 0 1 #
*****#10# 0 0 0 0 0 0 0 0 0 1 #
*****#10# 1 0 0 0 0 0 0 0 0 0 #
*****#10# 1 0 0 0 0 0 0 0 0 0 #
*****#10# 0 0 0 0 0 0 0 0 0 0 #
*****#10# 0 0 0 1 0 0 0 0 0 0 #
*****#10# 0 0 0 0 0 0 0 0 0 0 #
*****#10# 0 0 0 0 0 0 0 0 0 0 #
*****#10# 0 0 0 0 0 0 0 0 0 0 #
*****#10# 0 0 0 0 0 0 0 0 0 0 #
*****#10# 0 0 0 0 0 0 0 0 0 0 #
*****#10# 0 0 0 0 0 0 0 0 0 0 #
*****#10# 0 0 0 0 0 0 0 0 0 0 #
*****#10# 0 0 0 0 0 0 0 0 0 0 #
*****#10# 3 0 0 0 0 0 0 0 0 0 #
*****#10# 0 0 0 0 0 0 0 0 0 0 #
*****#10# 0 0 0 0 0 0 0 0 0 0 #
*****#10# 0 0 0 0 0 0 0 0 0 0 #
*****#10# 0 0 0 0 0 0 0 0 0 0 #
*****#10# 0 0 0 0 0 0 0 0 0 0 #
*****#10# 1 0 0 1 0 0 0 0 0 0 #
*****#10# 0 0 0 7 0 0 0 0 0 0 #
*****#10# 0 0 0 0 0 0 0 0 0 0 #
*****#10# 0 0 0 1 0 0 0 0 0 0 #
*****#10# 0 0 1 6 0 0 0 0 0 0 #
*****#10# 3 0 0 0 0 0 0 0 0 0 #
*****#10# 0 0 0 0 0 0 0 0 0 0 #
*****#10# 0 0 0 0 0 0 0 0 0 0 #
*****#10# 0 0 0 5 0 0 0 0 0 0 #
*****#10# 0 0 1 0 0 0 0 0 0 0 #
*****#10# 0 0 0 27 0 0 0 0 0 0 #
*****#10# 0 0 0 0 0 0 0 0 0 0 #
*****#10# 0 0 0 0 0 0 0 0 0 0 #
*****#10# 3 0 2 5 0 1 0 0 0 0 #
*****#10# 45 0 28 119 0 35 0 0 3 0 #
*****#10# 0 0 0 1 0 0 0 0 0 0 #
*****#10# 0 0 0 0 0 0 0 0 0 0 #
*****#10# 11 0 0 34 0 0 0 0 0 0 #
*****#10# 10 0 2 17 0 4 0 0 0 0 #
*****#10# 3 0 1 3 0 0 0 0 0 0 #
*****#10# 0 0 0 0 0 0 0 0 0 0 #
*****#10# 1 0 0 1 0 0 0 0 0 0 #
*****#10# 2 0 2 0 0 1 0 0 0 0 #
*****#10# 27 0 1 1 0 1 0 0 0 0 #
*****#10# 15 0 3 1 0 1 0 0 0 0 #
*****#10# 15 0 6 11 0 0 0 0 0 0 #
*****#10# 9 0 0 17 0 0 0 0 0 0 #
*****#10# 85 0 14 11 0 1 0 0 0 0 #
*****#10# 106 0 11 291 1 2 0 0 3 8 #
*****#10# 0 0 0 0 0 0 0 0 0 0 #
*****#10# 14 0 0 0 0 0 0 0 0 0 #
*****#10# 42 0 8 10 0 4 0 0 0 0 #
*****#10# 15 0 3 0 0 0 0 0 0 0 #
*****#10# 13 0 0 9 0 1 0 0 0 0 #
*****#10# 4 0 2 0 0 1 0 0 0 0 #
*****#10# 0 0 1 2 0 0 0 0 0 0 #
*****#10# 142 0 5 20 3 3 0 0 0 0 #
*****#10# 27 0 4 3 0 5 0 0 0 0 #
*****#10# 2 0 0 0 0 0 0 0 0 0 #
*****#10# 0 0 0 0 0 0 0 0 0 0 #
*****#10# 0 0 0 0 0 0 0 0 0 0 #
*****#10# 0 0 0 0 0 0 0 0 0 0 #
*****#10# 0 0 0 0 0 0 0 0 0 0 #
*****#10# 0 0 0 0 0 0 0 0 0 0 #
*****#10# 0 0 0 0 0 0 0 0 0 0 #
*****#10# 0 0 0 0 0 0 0 0 0 0 #
*****#10# 0 0 0 0 0 0 0 0 0 0 #
*****#10# 0 0 0 0 0 0 0 0 0 0 #
*****#10# 3 0 0 0 0 0 0 0 0 0 #
*****#10# 0 0 0 0 0 0 0 0 0 0 #
*****#10# 0 0 0 1 0 0 0 0 0 0 #
*****#10# 0 0 0 0 0 0 0 0 0 0 #
*****#10# 0 0 0 0 0 0 0 0 0 0 #
*****#10# 0 0 0 0 0 0 0 0 0 0 #
*****#10# 0 0 0 0 0 0 0 0 0 0 #
*****#10# 0 0 0 7 0 0 0 0 0 0 #
*****#10# 1 0 0 1 0 0 0 0 0 0 #
*****#10# 0 0 0 0 0 0 0 0 0 0 #
*****#10# 0 0 0 1 0 0 0 0 0 0 #
*****#10# 0 0 1 6 0 0 0 0 0 0 #
*****#10# 3 0 0 0 0 0 0 0 0 0 #
*****#10# 0 0 0 0 0 0 0 0 0 0 #
*****#10# 0 0 0 0 0 0 0 0 0 0 #
*****#10# 0 0 0 5 0 0 0 0 0 0 #
*****#10# 0 0 1 0 0 0 0 0 0 0 #
*****#10# 0 0 0 27 0 0 0 0 0 0 #
*****#10# 0 0 0 0 0 0 0 0 0 0 #
*****#10# 0 0 0 0 0 0 0 0 0 0 #
*****#10# 3 0 2 5 0 1 0 0 0 0 #
*****#10# 45 0 28 119 0 35 0 0 3 0 #
*****#10# 0 0 0 1 0 0 0 0 0 0 #
*****#10# 0 0 0 0 0 0 0 0 0 0 #
*****#10# 11 0 0 34 0 0 0 0 0 0 #
*****#10# 10 0 2 17 0 4 0 0 0 0 #
*****#10# 3 0 1 3 0 0 0 0 0 0 #
*****#10# 0 0 0 0 0 0 0 0 0 0 #
*****#10# 2 0 2 0 0 1 0 0 0 0 #
*****#10# 1 0 0 1 0 0 0 0 0 0 #
*****#10# 27 0 1 1 0 1 0 0 0 0 #
*****#10# 15 0 3 1 0 1 0 0 0 0 #
*****#10# 15 0 6 11 0 0 0 0 0 0 #
*****#10# 9 0 0 17 0 0 0 0 0 0 #
*****#10# 85 0 14 11 0 1 0 0 0 0 #
*****#10# 106 0 11 291 1 2 0 0 3 8 #
*****#10# 0 0 0 0 0 0 0 0 0 0 #
*****#10# 14 0 0 0 0 0 0 0 0 0 #
*****#10# 42 0 8 10 0 4 0 0 0 0 #
*****#10# 15 0 3 0 0 0 0 0 0 0 #
*****#10# 13 0 0 9 0 1 0 0 0 0 #
*****#10# 4 0 2 0 0 1 0 0 0 0 #
*****#10# 0 0 1 2 0 0 0 0 0 0 #
*****#10# 142 0 5 20 3 3 0 0 0 0 #
*****#10# 27 0 4 3 0 5 0 0 0 0 #
*****#10# 2 0 0 0 0 0 0 0 0 0 #
*****#10# 0 0 0 0 0 0 0 0 0 0 #
*****#10# 0 0 0 0 0 0 0 0 0 0 #
*****#10# 0 0 0 0 0 0 0 0 0 0 #
*****#10# 0 0 0 1 0 0 0 0 0 0 #
*****#10# 0 0 0 0 0 0 0 0 0 0 #
*****#10# 3 0 0 0 0 0 0 0 0 0 #
*****#10# 0 0 0 0 0 0 0 0 0 0 #
*****#10# 0 0 0 0 0 0 0 0 0 0 #
*****#10# 0 0 0 0 0 0 0 0 0 0 #
*****#10# 0 0 0 0 0 0 0 0 0 0 #
*****#10# 0 0 0 0 0 0 0 0 0 0 #
*****#10# 0 0 0 0 0 0 0 0 0 0 #
*****#10# 0 0 0 0 0 0 0 0 0 0 #
*****#10# 0 0 0 0 0 0 0 0 0 0 #
*****#10# 0 0 0 0 0 0 0 0 0 0 #
*****#10# 0 0 0 0 0 0 0 0 0 0 #
*****#10# 1 0 0 1 0 0 0 0 0 0 #
*****#10# 0 0 0 7 0 0 0 0 0 0 #
*****#10# 0 0 0 1 0 0 0 0 0 0 #
*****#10# 0 0 0 0 0 0 0 0 0 0 #
*****#10# 0 0 1 6 0 0 0 0 0 0 #
*****#10# 0 0 0 0 0 0 0 0 0 0 #
*****#10# 0 0 0 5 0 0 0 0 0 0 #
*****#10# 0 0 0 0 0 0 0 0 0 0 #
*****#10# 0 0 0 0 0 0 0 0 0 0 #
*****#10# 0 0 0 0 0 0 0 0 0 0 #
*****#10# 0 0 0 0 0 0 0 0 0 0 #
*****#10# 0 0 0 0 0 0 0 0 0 0 #
*****#10# 0 0 0 0 0 0 0 0 0 0 #
*****#10# 0 0 0 0 0 0 0 0 0 0 #
*****#10# 0 0 0 0 0 0 0 0 0 0 #
*****#10# 0 0 0 0 0 0 0 0 0 0 #
*****#10# 0 0 0 0 0 0 0 0 0 0 #
*****#10# 3 0 0 0 0 0 0 0 0 0 #
*****#10# 0 0 0 0 0 0 0 0 0 0 #
*****#10# 0 0 0 0 0 0 0 0 0 0 #
*****#10# 0 0 0 1 0 0 0 0 0 0 #
*****#10# 0 0 0 0 0 0 0 0 0 0 #
*****#10# 0 0 0 0 0 0 0 0 0 0 #
*****#10# 1 0 0 1 0 0 0 0 0 0 #
*****#10# 0 0 0 0 0 0 0 0 0 0 #
*****#10# 0 0 0 7 0 0 0 0 0 0 #
*****#10# 0 0 0 0 0 0 0 0 0 0 #
*****#10# 0 0 0 1 0 0 0 0 0 0 #
*****#10# 0 0 1 6 0 0 0 0 0 0 #
*****#10# 0 0 0 0 0 0 0 0 0 0 #
*****#10# 0 0 0 5 0 0 0 0 0 0 #
*****#10# 0 0 0 0 0 0 0 0 0 0 #
*****#10# 0 0 0 0 0 0 0 0 0 0 #
*****#10# 0 0 0 0 0 0 0 0 0 0 #
*****#10# 0 0 0 0 0 0 0 0 0 0 #
*****#10# 0 0 0 0 0 0 0 0 0 0 #
*****#10# 0 0 0 0 0 0 0 0 0 0 #
*****#10# 0 0 0 0 0 0 0 0 0 0 #
*****#10# 0 0 0 0 0 0 0 0 0 0 #
*****#10# 0 0 0 0 0 0 0 0 0 0 #
*****#10# 0 0 0 0 0 0 0 0 0 0 #
*****#10# 0 0 0 0 0 0 0 0 0 0 #
*****#10# 0 0 0 0 0 0 0 0 0 0 #
*****#10# 3 0 0 0 0 0 0 0 0 0 #
*****#10# 0 0 0 0 0 0 0 0 0 0 #
*****#10# 0 0 0 1 0 0 0 0 0 0 #
*****#10# 1 0 0 1 0 0 0 0 0 0 #
*****#10# 0 0 0 0 0 0 0 0 0 0 #
*****#10# 0 0 0 0 0 0 0 0 0 0 #
*****#10# 0 0 0 7 0 0 0 0 0 0 #
*****#10# 0 0 0 0 0 0 0 0 0 0 #
*****#10# 0 0 0 1 0 0 0 0 0 0 #
*****#10# 3 0 0 0 0 0 0 0 0 0 #
*****#10# 0 0 1 6 0 0 0 0 0 0 #
*****#10# 0 0 0 0 0 0 0 0 0 0 #
*****#10# 0 0 0 0 0 0 0 0 0 0 #
*****#10# 0 0 0 5 0 0 0 0 0 0 #
*****#10# 0 0 1 0 0 0 0 0 0 0 #
*****#10# 0 0 0 27 0 0 0 0 0 0 #
*****#10# 0 0 0 0 0 0 0 0 0 0 #
*****#10# 0 0 0 0 0 0 0 0 0 0 #
*****#10# 3 0 2 5 0 1 0 0 0 0 #
*****#10# 45 0 28 119 0 35 0 0 3 0 #
*****#10# 0 0 0 1 0 0 0 0 0 0 #
*****#10# 11 0 0 34 0 0 0 0 0 0 #
*****#10# 0 0 0 0 0 0 0 0 0 0 #
*****#10# 10 0 2 17 0 4 0 0 0 0 #
*****#10# 3 0 1 3 0 0 0 0 0 0 #
*****#10# 0 0 0 0 0 0 0 0 0 0 #
*****#10# 2 0 2 0 0 1 0 0 0 0 #
*****#10# 1 0 0 1 0 0 0 0 0 0 #
*****#10# 27 0 1 1 0 1 0 0 0 0 #
*****#10# 15 0 3 1 0 1 0 0 0 0 #
*****#10# 15 0 6 11 0 0 0 0 0 0 #
*****#10# 9 0 0 17 0 0 0 0 0 0 #
*****#10# 85 0 14 11 0 1 0 0 0 0 #
*****#10# 106 0 11 291 1 2 0 0 3 8 #
*****#10# 0 0 0 0 0 0 0 0 0 0 #
*****#10# 14 0 0 0 0 0 0 0 0 0 #
*****#10# 42 0 8 10 0 4 0 0 0 0 #
*****#10# 15 0 3 0 0 0 0 0 0 0 #
*****#10# 13 0 0 9 0 1 0 0 0 0 #
*****#10# 4 0 2 0 0 1 0 0 0 0 #
*****#10# 0 0 1 2 0 0 0 0 0 0 #
*****#10# 142 0 5 20 3 3 0 0 0 0 #
*****#10# 27 0 4 3 0 5 0 0 0 0 #
*****#10# 2 0 0 0 0 0 0 0 0 0 #
*****#10# 2 0 0 0 0 0 0 0 0 0 #
*****#10# 0 0 0 0 0 0 0 0 0 0 #
*****#10# 0 0 0 0 0 0 0 0 0 0 #
*****#10# 0 0 0 0 0 0 0 0 0 0 #
*****#10# 0 0 0 0 0 0 0 0 0 0 #
*****#10# 0 0 0 0 0 0 0 0 0 0 #
*****#10# 0 0 0 0 0 0 0 0 0 0 #
*****#10# 0 0 0 0 0 0 0 0 0 0 #
*****#10# 0 0 0 0 0 0 0 0 0 0 #
*****#10# 0 0 0 0 0 0 0 0 0 0 #
*****#10# 0 0 0 1 0 0 0 0 0 0 #
*****#10# 0 0 0 0 0 0 0 0 0 0 #
*****#10# 0 0 0 0 0 0 0 0 0 0 #
*****#10# 3 0 0 0 0 0 0 0 0 0 #
*****#10# 0 0 0 0 0 0 0 0 0 0 #
*****#10# 0 0 0 0 0 0 0 0 0 0 #
*****#10# 0 0 0 0 0 0 0 0 0 0 #
*****#10# 1 0 0 1 0 0 0 0 0 0 #
*****#10# 0 0 0 1 0 0 0 0 0 0 #
*****#10# 0 0 0 7 0 0 0 0 0 0 #
*****#10# 0 0 0 0 0 0 0 0 0 0 #
*****#10# 0 0 1 6 0 0 0 0 0 0 #
*****#10# 3 0 0 0 0 0 0 0 0 0 #
*****#10# 0 0 0 0 0 0 0 0 0 0 #
*****#10# 0 0 0 0 0 0 0 0 0 0 #
*****#10# 0 0 0 5 0 0 0 0 0 0 #
*****#10# 0 0 1 0 0 0 0 0 0 0 #
*****#10# 0 0 0 27 0 0 0 0 0 0 #
*****#10# 0 0 0 0 0 0 0 0 0 0 #
*****#10# 0 0 0 0 0 0 0 0 0 0 #
*****#10# 3 0 2 5 0 1 0 0 0 0 #
*****#10# 45 0 28 119 0 35 0 0 3 0 #
*****#10# 0 0 0 1 0 0 0 0 0 0 #
*****#10# 11 0 0 34 0 0 0 0 0 0 #
*****#10# 0 0 0 0 0 0 0 0 0 0 #
*****#10# 10 0 2 17 0 4 0 0 0 0 #
*****#10# 3 0 1 3 0 0 0 0 0 0 #
*****#10# 0 0 0 0 0 0 0 0 0 0 #
*****#10# 2 0 2 0 0 1 0 0 0 0 #
*****#10# 1 0 0 1 0 0 0 0 0 0 #
*****#10# 27 0 1 1 0 1 0 0 0 0 #
*****#10# 15 0 3 1 0 1 0 0 0 0 #
*****#10# 15 0 6 11 0 0 0 0 0 0 #
*****#10# 9 0 0 17 0 0 0 0 0 0 #
*****#10# 85 0 14 11 0 1 0 0 0 0 #
*****#10# 106 0 11 291 1 2 0 0 3 8 #
*****#10# 0 0 0 0 0 0 0 0 0 0 #
*****#10# 14 0 0 0 0 0 0 0 0 0 #
*****#10# 42 0 8 10 0 4 0 0 0 0 #
*****#10# 15 0 3 0 0 0 0 0 0 0 #
*****#10# 13 0 0 9 0 1 0 0 0 0 #
*****#10# 4 0 2 0 0 1 0 0 0 0 #
*****#10# 0 0 1 2 0 0 0 0 0 0 #
*****#10# 142 0 5 20 3 3 0 0 0 0 #
*****#10# 27 0 4 3 0 5 0 0 0 0 #
*****#10# 2 0 0 0 0 0 0 0 0 0 #
*****#10# 0 0 0 0 0 0 0 0 0 0 #
*****#10# 0 0 0 0 0 0 0 0 0 0 #
*****#10# 0 0 0 0 0 0 0 0 0 0 #
*****#10# 0 0 0 0 0 0 0 0 0 0 #
*****#10# 0 0 0 0 0 0 0 0 0 0 #
*****#10# 0 0 0 0 0 0 0 0 0 0 #
*****#10# 0 0 0 0 0 0 0 0 0 0 #
*****#10# 0 0 0 0 0 0 0 0 0 0 #
*****#10# 0 0 0 0 0 0 0 0 0 0 #
*****#10# 3 0 0 0 0 0 0 0 0 0 #
*****#10# 0 0 0 0 0 0 0 0 0 0 #
*****#10# 0 0 0 1 0 0 0 0 0 0 #
*****#10# 0 0 0 0 0 0 0 0 0 0 #
*****#10# 0 0 0 1 0 0 0 0 0 0 #
*****#10# 1 0 0 1 0 0 0 0 0 0 #
*****#10# 0 0 1 6 0 0 0 0 0 0 #
*****#10# 0 0 0 0 0 0 0 0 0 0 #
*****#10# 0 0 0 5 0 0 0 0 0 0 #
*****#10# 0 0 0 0 0 0 0 0 0 0 #
*****#10# 0 0 0 0 0 0 0 0 0 0 #
*****#10# 0 0 0 0 0 0 0 0 0 0 #
*****#10# 0 0 0 0 0 0 0 0 0 0 #
*****#10# 3 0 0 0 0 0 0 0 0 0 #
*****#10# 0 0 0 0 0 0 0 0 0 0 #
*****#10# 0 0 0 0 0 0 0 0 0 0 #
*****#10# 0 0 0 1 0 0 0 0 0 0 #
*****#10# 0 0 0 0 0 0 0 0 0 0 #
*****#10# 0 0 0 0 0 0 0 0 0 0 #
*****#10# 0 0 0 0 0 0 0 0 0 0 #
*****#10# 0 0 0 0 0 0 0 0 0 0 #
*****#10# 0 0 0 0 0 0 0 0 0 0 #
*****#10# 0 0 0 0 0 0 0 0 0 0 #
*****#10# 0 0 0 0 0 0 0 0 0 0 #
*****#10# 0 0 0 0 0 0 0 0 0 0 #
*****#10# 1 0 0 1 0 0 0 0 0 0 #
*****#10# 0 0 0 1 0 0 0 0 0 0 #
*****#10# 0 0 0 0 0 0 0 0 0 0 #
*****#10# 0 0 0 7 0 0 0 0 0 0 #
*****#10# 0 0 0 0 0 0 0 0 0 0 #
*****#10# 3 0 0 0 0 0 0 0 0 0 #
*****#10# 0 0 1 6 0 0 0 0 0 0 #
*****#10# 0 0 0 0 0 0 0 0 0 0 #
*****#10# 0 0 0 0 0 0 0 0 0 0 #
*****#10# 0 0 0 5 0 0 0 0 0 0 #
*****#10# 0 0 0 27 0 0 0 0 0 0 #
*****#10# 0 0 1 0 0 0 0 0 0 0 #
*****#10# 0 0 0 0 0 0 0 0 0 0 #
*****#10# 0 0 0 0 0 0 0 0 0 0 #
*****#10# 3 0 2 5 0 1 0 0 0 0 #
*****#10# 45 0 28 119 0 35 0 0 3 0 #
*****#10# 0 0 0 1 0 0 0 0 0 0 #
*****#10# 11 0 0 34 0 0 0 0 0 0 #
*****#10# 0 0 0 0 0 0 0 0 0 0 #
*****#10# 10 0 2 17 0 4 0 0 0 0 #
*****#10# 2 0 1 3 0 0 0 0 0 0 #
*****#10# 0 0 0 0 0 0 0 0 0 0 #
*****#10# 2 0 2 0 0 1 0 0 0 0 #
*****#10# 1 0 0 1 0 0 0 0 0 0 #
*****#10# 27 0 1 1 0 1 0 0 0 0 #
*****#10# 15 0 3 1 0 1 0 0 0 0 #
*****#10# 15 0 6 11 0 0 0 0 0 0 #
*****#10# 9 0 0 17 0 0 0 0 0 0 #
*****#10# 85 0 14 11 0 1 0 0 0 0 #
*****#10# 106 0 11 291 1 2 0 0 3 8 #
*****#10# 0 0 0 0 0 0 0 0 0 0 #
*****#10# 14 0 0 0 0 0 0 0 0 0 #
*****#10# 42 0 8 10 0 4 0 0 0 0 #
*****#10# 15 0 3 0 0 0 0 0 0 0 #
*****#10# 13 0 0 9 0 1 0 0 0 0 #
*****#10# 4 0 2 0 0 1 0 0 0 0 #
*****#10# 0 0 1 2 0 0 0 0 0 0 #
*****#10# 142 0 5 20 3 3 0 0 0 0 #
*****#10# 26 0 4 3 0 5 0 0 0 0 #
*****#10# 2 0 0 0 0 0 0 0 0 0 #
*****#10# 0 0 0 0 0 0 0 0 0 0 #
*****#10# 0 0 0 0 0 0 0 0 0 0 #
*****#10# 0 0 0 0 0 0 0 0 0 0 #
*****#10# 0 0 0 0 0 0 0 0 0 0 #
*****#10# 0 0 0 0 0 0 0 0 0 0 #
*****#10# 0 0 0 1 0 0 0 0 0 0 #
*****#10# 0 0 0 0 0 0 0 0 0 0 #
*****#10# 0 0 0 0 0 0 0 0 0 0 #
*****#10# 0 0 0 0 0 0 0 0 0 0 #
*****#10# 0 0 0 0 0 0 0 0 0 0 #
*****#10# 0 0 0 0 0 0 0 0 0 0 #
*****#10# 0 0 0 0 0 0 0 0 0 0 #
*****#10# 3 0 0 0 0 0 0 0 0 0 #
*****#10# 0 0 0 0 0 0 0 0 0 0 #
*****#10# 0 0 0 0 0 0 0 0 0 0 #
*****#10# 0 0 0 0 0 0 0 0 0 0 #
*****#10# 1 0 0 1 0 0 0 0 0 0 #
*****#10# 0 0 0 1 0 0 0 0 0 0 #
*****#10# 0 0 0 7 0 0 0 0 0 0 #
*****#10# 0 0 0 0 0 0 0 0 0 0 #
*****#10# 3 0 0 0 0 0 0 0 0 0 #
*****#10# 0 0 1 6 0 0 0 0 0 0 #
*****#10# 0 0 0 0 0 0 0 0 0 0 #
*****#10# 0 0 0 0 0 0 0 0 0 0 #
*****#10# 0 0 0 5 0 0 0 0 0 0 #
*****#10# 0 0 1 0 0 0 0 0 0 0 #
*****#10# 0 0 0 27 0 0 0 0 0 0 #
*****#10# 0 0 0 0 0 0 0 0 0 0 #
*****#10# 0 0 0 0 0 0 0 0 0 0 #
*****#10# 3 0 2 5 0 1 0 0 0 0 #
*****#10# 45 0 28 119 0 35 0 0 3 0 #
*****#10# 0 0 0 1 0 0 0 0 0 0 #
*****#10# 0 0 0 0 0 0 0 0 0 0 #
*****#10# 11 0 0 34 0 0 0 0 0 0 #
*****#10# 10 0 2 17 0 4 0 0 0 0 #
*****#10# 2 0 1 3 0 0 0 0 0 0 #
*****#10# 0 0 0 0 0 0 0 0 0 0 #
*****#10# 2 0 2 0 0 1 0 0 0 0 #
*****#10# 1 0 0 1 0 0 0 0 0 0 #
*****#10# 27 0 1 1 0 1 0 0 0 0 #
*****#10# 15 0 3 1 0 1 0 0 0 0 #
*****#10# 15 0 6 11 0 0 0 0 0 0 #
*****#10# 9 0 0 17 0 0 0 0 0 0 #
*****#10# 85 0 14 11 0 1 0 0 0 0 #
*****#10# 106 0 11 291 1 2 0 0 3 8 #
*****#10# 0 0 0 0 0 0 0 0 0 0 #
*****#10# 14 0 0 0 0 0 0 0 0 0 #
*****#10# 42 0 8 10 0 4 0 0 0 0 #
*****#10# 15 0 3 0 0 0 0 0 0 0 #
*****#10# 13 0 0 9 0 1 0 0 0 0 #
*****#10# 4 0 2 0 0 1 0 0 0 0 #
*****#10# 0 0 1 2 0 0 0 0 0 0 #
*****#10# 142 0 5 20 3 3 0 0 0 0 #
*****#10# 26 0 4 3 0 5 0 0 0 0 #
*****#10# 2 0 0 0 0 0 0 0 0 0 #
*****#10# 0 0 0 0 0 0 0 0 0 0 #
*****#10# 0 0 0 0 0 0 0 0 0 0 #
*****#10# 0 0 0 0 0 0 0 0 0 0 #
*****#10# 0 0 0 0 0 0 0 0 0 0 #
*****#10# 0 0 0 0 0 0 0 0 0 0 #
*****#10# 0 0 0 0 0 0 0 0 0 0 #
*****#10# 0 0 0 0 0 0 0 0 0 0 #
*****#10# 3 0 0 0 0 0 0 0 0 0 #
*****#10# 0 0 0 0 0 0 0 0 0 0 #
*****#10# 0 0 0 1 0 0 0 0 0 0 #
*****#10# 0 0 0 0 0 0 0 0 0 0 #
*****#10# 0 0 0 0 0 0 0 0 0 0 #
*****#10# 0 0 0 0 0 0 0 0 0 0 #
*****#10# 0 0 0 0 0 0 0 0 0 0 #
*****#10# 0 0 0 0 0 0 0 0 0 0 #
*****#10# 0 0 0 0 0 0 0 0 0 0 #
*****#10# 0 0 0 7 0 0 0 0 0 0 #
*****#10# 0 0 0 1 0 0 0 0 0 0 #
*****#10# 1 0 0 1 0 0 0 0 0 0 #
*****#10# 0 0 0 0 0 0 0 0 0 0 #
*****#10# 3 0 0 0 0 0 0 0 0 0 #
*****#10# 0 0 1 6 0 0 0 0 0 0 #
*****#10# 0 0 0 0 0 0 0 0 0 0 #
*****#10# 0 0 0 0 0 0 0 0 0 0 #
*****#10# 0 0 0 5 0 0 0 0 0 0 #
*****#10# 0 0 1 0 0 0 0 0 0 0 #
*****#10# 0 0 0 27 0 0 0 0 0 0 #
*****#10# 0 0 0 0 0 0 0 0 0 0 #
*****#10# 0 0 0 0 0 0 0 0 0 0 #
*****#10# 3 0 2 5 0 1 0 0 0 0 #
*****#10# 45 0 28 119 0 35 0 0 3 0 #
*****#10# 0 0 0 1 0 0 0 0 0 0 #
*****#10# 0 0 0 0 0 0 0 0 0 0 #
*****#10# 11 0 0 34 0 0 0 0 0 0 #
*****#10# 10 0 2 17 0 4 0 0 0 0 #
*****#10# 2 0 1 3 0 0 0 0 0 0 #
*****#10# 0 0 0 0 0 0 0 0 0 0 #
*****#10# 1 0 0 1 0 0 0 0 0 0 #
*****#10# 2 0 2 0 0 1 0 0 0 0 #
*****#10# 27 0 1 1 0 1 0 0 0 0 #
*****#10# 15 0 3 1 0 1 0 0 0 0 #
*****#10# 15 0 6 11 0 0 0 0 0 0 #
*****#10# 9 0 0 17 0 0 0 0 0 0 #
*****#10# 85 0 14 11 0 1 0 0 0 0 #
*****#10# 106 0 11 291 1 2 0 0 3 8 #
*****#10# 0 0 0 0 0 0 0 0 0 0 #
*****#10# 14 0 0 0 0 0 0 0 0 0 #
*****#10# 42 0 8 10 0 4 0 0 0 0 #
*****#10# 15 0 3 0 0 0 0 0 0 0 #
*****#10# 13 0 0 9 0 1 0 0 0 0 #
*****#10# 4 0 2 0 0 1 0 0 0 0 #
*****#10# 0 0 1 2 0 0 0 0 0 0 #
*****#10# 142 0 5 20 3 3 0 0 0 0 #
*****#10# 26 0 4 3 0 5 0 0 0 0 #
*****#10# 2 0 0 0 0 0 0 0 0 0 #
*****#10# 0 0 0 0 0 0 0 0 0 0 #
*****#10# 0 0 0 0 0 0 0 0 0 0 #
*****#10# 0 0 0 0 0 0 0 0 0 0 #
*****#10# 0 0 0 0 0 0 0 0 0 0 #
*****#10# 3 0 0 0 0 0 0 0 0 0 #
*****#10# 0 0 0 0 0 0 0 0 0 0 #
*****#10# 0 0 0 1 0 0 0 0 0 0 #
*****#10# 0 0 0 0 0 0 0 0 0 0 #
*****#10# 0 0 0 0 0 0 0 0 0 0 #
*****#10# 0 0 0 0 0 0 0 0 0 0 #
*****#10# 0 0 0 0 0 0 0 0 0 0 #
*****#10# 0 0 0 0 0 0 0 0 0 0 #
*****#10# 0 0 0 0 0 0 0 0 0 0 #
*****#10# 0 0 0 0 0 0 0 0 0 0 #
*****#10# 0 0 0 0 0 0 0 0 0 0 #
*****#10# 0 0 0 0 0 0 0 0 0 0 #
*****#10# 0 0 0 1 0 0 0 0 0 0 #
*****#10# 1 0 0 1 0 0 0 0 0 0 #
*****#10# 0 0 0 7 0 0 0 0 0 0 #
*****#10# 0 0 0 0 0 0 0 0 0 0 #
*****#10# 3 0 0 0 0 0 0 0 0 0 #
*****#10# 0 0 1 6 0 0 0 0 0 0 #
*****#10# 0 0 0 0 0 0 0 0 0 0 #
*****#10# 0 0 0 0 0 0 0 0 0 0 #
*****#10# 0 0 0 5 0 0 0 0 0 0 #
*****#10# 0 0 0 27 0 0 0 0 0 0 #
*****#10# 0 0 1 0 0 0 0 0 0 0 #
*****#10# 0 0 0 0 0 0 0 0 0 0 #
*****#10# 0 0 0 0 0 0 0 0 0 0 #
*****#10# 3 0 2 5 0 1 0 0 0 0 #
*****#10# 45 0 28 119 0 35 0 0 3 0 #
*****#10# 0 0 0 1 0 0 0 0 0 0 #
*****#10# 11 0 0 34 0 0 0 0 0 0 #
*****#10# 0 0 0 0 0 0 0 0 0 0 #
*****#10# 10 0 2 17 0 4 0 0 0 0 #
*****#10# 2 0 1 3 0 0 0 0 0 0 #
*****#10# 0 0 0 0 0 0 0 0 0 0 #
*****#10# 2 0 2 0 0 1 0 0 0 0 #
*****#10# 1 0 0 1 0 0 0 0 0 0 #
*****#10# 27 0 1 1 0 1 0 0 0 0 #
*****#10# 15 0 3 1 0 1 0 0 0 0 #
*****#10# 15 0 6 11 0 0 0 0 0 0 #
*****#10# 9 0 0 17 0 0 0 0 0 0 #
*****#10# 85 0 14 11 0 1 0 0 0 0 #
*****#10# 106 0 11 291 1 2 0 0 3 8 #
*****#10# 0 0 0 0 0 0 0 0 0 0 #
*****#10# 14 0 0 0 0 0 0 0 0 0 #
*****#10# 42 0 8 10 0 4 0 0 0 0 #
*****#10# 15 0 3 0 0 0 0 0 0 0 #
*****#10# 13 0 0 9 0 1 0 0 0 0 #
*****#10# 4 0 2 0 0 1 0 0 0 0 #
*****#10# 0 0 1 2 0 0 0 0 0 0 #
*****#10# 142 0 5 20 3 3 0 0 0 0 #
*****#10# 26 0 4 3 0 5 0 0 0 0 #
*****#10# 2 0 0 0 0 0 0 0 0 0 #
*****#10# 0 0 0 0 0 0 0 0 0 0 #
*****#10# 0 0 0 0 0 0 0 0 0 0 #
*****#10# 0 0 0 0 0 0 0 0 0 0 #
*****#10# 0 0 0 0 0 0 0 0 0 0 #
*****#10# 0 0 0 0 0 0 0 0 0 0 #
*****#10# 0 0 0 0 0 0 0 0 0 0 #
*****#10# 0 0 0 0 0 0 0 0 0 0 #
*****#10# 3 0 0 0 0 0 0 0 0 0 #
*****#10# 0 0 0 0 0 0 0 0 0 0 #
*****#10# 0 0 0 1 0 0 0 0 0 0 #
*****#10# 0 0 0 0 0 0 0 0 0 0 #
*****#10# 0 0 0 0 0 0 0 0 0 0 #
*****#10# 0 0 0 0 0 0 0 0 0 0 #
*****#10# 0 0 0 0 0 0 0 0 0 0 #
*****#10# 0 0 0 0 0 0 0 0 0 0 #
*****#10# 0 0 0 0 0 0 0 0 0 0 #
*****#10# 1 0 0 1 0 0 0 0 0 0 #
*****#10# 0 0 0 7 0 0 0 0 0 0 #
*****#10# 0 0 0 0 0 0 0 0 0 0 #
*****#10# 0 0 0 1 0 0 0 0 0 0 #
*****#10# 0 0 1 6 0 0 0 0 0 0 #
*****#10# 0 0 0 0 0 0 0 0 0 0 #
*****#10# 0 0 0 5 0 0 0 0 0 0 #
*****#10# 0 0 0 0 0 0 0 0 0 0 #
*****#10# 0 0 0 0 0 0 0 0 0 0 #
*****#10# 0 0 0 0 0 0 0 0 0 0 #
*****#10# 0 0 0 0 0 0 0 0 0 0 #
*****#10# 0 0 0 0 0 0 0 0 0 0 #
*****#10# 0 0 0 0 0 0 0 0 0 0 #
*****#10# 0 0 0 1 0 0 0 0 0 0 #
*****#10# 0 0 0 0 0 0 0 0 0 0 #
*****#10# 0 0 0 0 0 0 0 0 0 0 #
*****#10# 0 0 0 0 0 0 0 0 0 0 #
*****#10# 0 0 0 0 0 0 0 0 0 0 #
*****#10# 0 0 0 0 0 0 0 0 0 0 #
*****#10# 3 0 0 0 0 0 0 0 0 0 #
*****#10# 0 0 0 0 0 0 0 0 0 0 #
*****#10# 0 0 0 0 0 0 0 0 0 0 #
*****#10# 0 0 0 0 0 0 0 0 0 0 #
*****#10# 1 0 0 1 0 0 0 0 0 0 #
*****#10# 0 0 0 0 0 0 0 0 0 0 #
*****#10# 0 0 0 7 0 0 0 0 0 0 #
*****#10# 0 0 0 1 0 0 0 0 0 0 #
*****#10# 0 0 0 0 0 0 0 0 0 0 #
*****#10# 3 0 0 0 0 0 0 0 0 0 #
*****#10# 0 0 1 6 0 0 0 0 0 0 #
*****#10# 0 0 0 0 0 0 0 0 0 0 #
*****#10# 0 0 0 0 0 0 0 0 0 0 #
*****#10# 0 0 0 5 0 0 0 0 0 0 #
*****#10# 0 0 0 27 0 0 0 0 0 0 #
*****#10# 0 0 1 0 0 0 0 0 0 0 #
*****#10# 0 0 0 0 0 0 0 0 0 0 #
*****#10# 0 0 0 0 0 0 0 0 0 0 #
*****#10# 3 0 2 5 0 1 0 0 0 0 #
*****#10# 31 0 28 119 0 35 0 0 3 9 #
*****#10# 0 0 0 1 0 0 0 0 0 0 #
*****#10# 11 0 0 34 0 0 0 0 0 0 #
*****#10# 0 0 0 0 0 0 0 0 0 0 #
*****#10# 9 0 2 17 0 4 0 0 0 1 #
*****#10# 3 0 1 3 0 0 0 0 0 0 #
*****#10# 0 0 0 0 0 0 0 0 0 0 #
*****#10# 2 0 2 0 0 1 0 0 0 0 #
*****#10# 0 0 0 1 0 0 0 0 0 1 #
*****#10# 22 0 1 1 0 1 0 0 0 5 #
*****#10# 11 0 3 1 0 1 0 0 0 4 #
*****#10# 11 0 6 11 0 0 0 0 0 4 #
*****#10# 6 0 0 17 0 0 0 0 0 3 #
*****#10# 82 0 14 11 0 1 0 0 0 3 #
*****#10# 72 0 11 291 1 2 0 0 3 42 #
*****#10# 0 0 0 0 0 0 0 0 0 0 #
*****#10# 14 0 0 0 0 0 0 0 0 0 #
*****#10# 22 0 8 10 0 4 0 0 0 20 #
*****#10# 12 0 3 0 0 0 0 0 0 3 #
*****#10# 12 0 0 9 0 1 0 0 0 1 #
*****#10# 4 0 2 0 0 1 0 0 0 0 #
*****#10# 0 0 1 2 0 0 0 0 0 0 #
*****#10# 119 0 5 20 4 3 3 0 0 18 #
*****#10# 18 0 4 3 0 5 0 0 0 9 #
*****#10# 0 0 0 0 0 0 0 0 0 2 #
*****#10# 0 0 0 0 0 0 0 0 0 0 #
*****#10# 0 0 0 0 0 0 0 0 0 0 #
*****#10# 0 0 0 0 0 0 0 0 0 0 #
*****#10# 3 0 0 0 0 0 0 0 0 0 #
*****#10# 0 0 0 0 0 0 0 0 0 0 #
*****#10# 0 0 0 1 0 0 0 0 0 0 #
*****#10# 0 0 0 0 0 0 0 0 0 0 #
*****#10# 0 0 0 0 0 0 0 0 0 0 #
*****#10# 0 0 0 0 0 0 0 0 0 0 #
*****#10# 0 0 0 0 0 0 0 0 0 0 #
*****#10# 0 0 0 0 0 0 0 0 0 0 #
*****#10# 0 0 0 0 0 0 0 0 0 0 #
*****#10# 0 0 0 0 0 0 0 0 0 0 #
*****#10# 0 0 0 0 0 0 0 0 0 0 #
*****#10# 1 0 0 1 0 0 0 0 0 0 #
*****#10# 0 0 0 0 0 0 0 0 0 0 #
*****#10# 0 0 0 1 0 0 0 0 0 0 #
*****#10# 0 0 0 0 0 0 0 0 0 0 #
*****#10# 0 0 0 7 0 0 0 0 0 0 #
*****#10# 0 0 0 0 0 0 0 0 0 0 #
*****#10# 3 0 0 0 0 0 0 0 0 0 #
*****#10# 0 0 1 6 0 0 0 0 0 0 #
*****#10# 0 0 0 0 0 0 0 0 0 0 #
*****#10# 0 0 0 0 0 0 0 0 0 0 #
*****#10# 0 0 0 5 0 0 0 0 0 0 #
*****#10# 0 0 1 0 0 0 0 0 0 0 #
*****#10# 0 0 0 27 0 0 0 0 0 0 #
*****#10# 0 0 0 0 0 0 0 0 0 0 #
*****#10# 0 0 0 0 0 0 0 0 0 0 #
*****#10# 3 0 2 5 0 1 0 0 0 0 #
*****#10# 31 0 28 119 0 35 0 0 3 9 #
*****#10# 0 0 0 1 0 0 0 0 0 0 #
*****#10# 0 0 0 0 0 0 0 0 0 0 #
*****#10# 11 0 0 34 0 0 0 0 0 0 #
*****#10# 9 0 2 17 0 4 0 0 0 1 #
*****#10# 3 0 1 3 0 0 0 0 0 0 #
*****#10# 0 0 0 0 0 0 0 0 0 0 #
*****#10# 2 0 2 0 0 1 0 0 0 0 #
*****#10# 0 0 0 1 0 0 0 0 0 1 #
*****#10# 22 0 1 1 0 1 0 0 0 5 #
*****#10# 11 0 3 1 0 1 0 0 0 4 #
*****#10# 11 0 6 11 0 0 0 0 0 4 #
*****#10# 6 0 0 17 0 0 0 0 0 3 #
*****#10# 82 0 14 11 0 1 0 0 0 3 #
*****#10# 72 0 11 291 1 2 0 0 3 42 #
*****#10# 0 0 0 0 0 0 0 0 0 0 #
*****#10# 14 0 0 0 0 0 0 0 0 0 #
*****#10# 22 0 8 10 0 4 0 0 0 20 #
*****#10# 12 0 3 0 0 0 0 0 0 3 #
*****#10# 12 0 0 9 0 1 0 0 0 1 #
*****#10# 4 0 2 0 0 1 0 0 0 0 #
*****#10# 0 0 1 2 0 0 0 0 0 0 #
*****#10# 119 0 5 20 4 3 3 0 0 18 #
*****#10# 18 0 4 3 0 5 0 0 0 9 #
*****#10# 0 0 0 0 0 0 0 0 0 2 #
*****#10# 0 0 0 0 0 0 0 0 0 0 #
*****#10# 0 0 0 0 0 0 0 0 0 0 #
*****#10# 0 0 0 0 0 0 0 0 0 0 #
*****#10# 0 0 0 0 0 0 0 0 0 0 #
*****#10# 3 0 0 0 0 0 0 0 0 0 #
*****#10# 0 0 0 0 0 0 0 0 0 0 #
*****#10# 0 0 0 1 0 0 0 0 0 0 #
*****#10# 0 0 0 0 0 0 0 0 0 0 #
*****#10# 0 0 0 0 0 0 0 0 0 0 #
*****#10# 0 0 0 0 0 0 0 0 0 0 #
*****#10# 0 0 0 0 0 0 0 0 0 0 #
*****#10# 0 0 0 0 0 0 0 0 0 0 #
*****#10# 0 0 0 0 0 0 0 0 0 0 #
*****#10# 0 0 0 0 0 0 0 0 0 0 #
*****#10# 0 0 0 0 0 0 0 0 0 0 #
*****#10# 1 0 0 1 0 0 0 0 0 0 #
*****#10# 0 0 0 0 0 0 0 0 0 0 #
*****#10# 0 0 0 7 0 0 0 0 0 0 #
*****#10# 0 0 0 0 0 0 0 0 0 0 #
*****#10# 0 0 0 1 0 0 0 0 0 0 #
*****#10# 0 0 1 6 0 0 0 0 0 0 #
*****#10# 0 0 0 0 0 0 0 0 0 0 #
*****#10# 0 0 0 5 0 0 0 0 0 0 #
*****#10# 0 0 0 0 0 0 0 0 0 0 #
*****#10# 3 0 0 0 0 0 0 0 0 0 #
*****#10# 0 0 0 1 0 0 0 0 0 0 #
*****#10# 0 0 0 0 0 0 0 0 0 0 #
*****#10# 0 0 0 0 0 0 0 0 0 0 #
*****#10# 0 0 0 0 0 0 0 0 0 0 #
*****#10# 0 0 0 0 0 0 0 0 0 0 #
*****#10# 0 0 0 0 0 0 0 0 0 0 #
*****#10# 0 0 0 0 0 0 0 0 0 0 #
*****#10# 0 0 0 0 0 0 0 0 0 0 #
*****#10# 0 0 0 0 0 0 0 0 0 0 #
*****#10# 0 0 0 0 0 0 0 0 0 0 #
*****#10# 0 0 0 0 0 0 0 0 0 0 #
*****#10# 0 0 0 0 0 0 0 0 0 0 #
*****#10# 0 0 0 0 0 0 0 0 0 0 #
*****#10# 0 0 0 0 0 0 0 0 0 0 #
*****#10# 1 0 0 1 0 0 0 0 0 0 #
*****#10# 0 0 0 0 0 0 0 0 0 0 #
*****#10# 0 0 0 1 0 0 0 0 0 0 #
*****#10# 0 0 0 7 0 0 0 0 0 0 #
*****#10# 0 0 0 0 0 0 0 0 0 0 #
*****#10# 3 0 0 0 0 0 0 0 0 0 #
*****#10# 0 0 1 6 0 0 0 0 0 0 #
*****#10# 0 0 0 0 0 0 0 0 0 0 #
*****#10# 0 0 0 0 0 0 0 0 0 0 #
*****#10# 0 0 0 5 0 0 0 0 0 0 #
*****#10# 0 0 1 0 0 0 0 0 0 0 #
*****#10# 0 0 0 27 0 0 0 0 0 0 #
*****#10# 0 0 0 0 0 0 0 0 0 0 #
*****#10# 0 0 0 0 0 0 0 0 0 0 #
*****#10# 3 0 2 5 0 1 0 0 0 0 #
*****#10# 31 0 28 119 0 35 0 0 3 9 #
*****#10# 0 0 0 1 0 0 0 0 0 0 #
*****#10# 0 0 0 0 0 0 0 0 0 0 #
*****#10# 11 0 0 34 0 0 0 0 0 0 #
*****#10# 9 0 2 17 0 4 0 0 0 1 #
*****#10# 3 0 1 3 0 0 0 0 0 0 #
*****#10# 0 0 0 0 0 0 0 0 0 0 #
*****#10# 2 0 2 0 0 1 0 0 0 0 #
*****#10# 0 0 0 1 0 0 0 0 0 1 #
*****#10# 22 0 1 1 0 1 0 0 0 5 #
*****#10# 11 0 3 1 0 1 0 0 0 4 #
*****#10# 11 0 6 11 0 0 0 0 0 4 #
*****#10# 6 0 0 17 0 0 0 0 0 3 #
*****#10# 82 0 14 11 0 1 0 0 0 3 #
*****#10# 72 0 11 291 1 2 0 0 3 42 #
*****#10# 0 0 0 0 0 0 0 0 0 0 #
*****#10# 14 0 0 0 0 0 0 0 0 0 #
*****#10# 22 0 8 10 0 4 0 0 0 20 #
*****#10# 12 0 3 0 0 0 0 0 0 3 #
*****#10# 12 0 0 9 0 1 0 0 0 1 #
*****#10# 4 0 2 0 0 1 0 0 0 0 #
*****#10# 0 0 1 2 0 0 0 0 0 0 #
*****#10# 119 0 5 20 4 3 3 0 0 18 #
*****#10# 18 0 4 3 0 5 0 0 0 9 #
*****#10# 0 0 0 0 0 0 0 0 0 2 #
*****#10# 0 0 1 0 0 0 0 0 0 0 #
*****#10# 0 0 1 0 0 0 0 0 0 0 #
*****#10# 0 0 1 0 0 0 0 0 0 0 #
*****#10# 0 0 1 0 0 0 0 0 0 0 #
*****#10# 0 0 1 0 0 0 0 0 0 0 #
*****#10# 0 0 0 0 0 0 0 0 0 0 #
*****#10# 0 0 0 1 0 0 0 0 0 0 #
*****#10# 0 0 0 0 0 0 0 0 0 0 #
*****#10# 0 0 0 0 0 0 0 0 0 0 #
*****#10# 0 0 0 0 0 0 0 0 0 0 #
*****#10# 0 0 0 0 0 0 0 0 0 0 #
*****#10# 0 0 0 0 0 0 0 0 0 0 #
*****#10# 0 0 0 0 0 0 0 0 0 0 #
*****#10# 0 0 0 0 0 0 0 0 0 0 #
*****#10# 3 0 0 0 0 0 0 0 0 0 #
*****#10# 0 0 0 0 0 0 0 0 0 0 #
*****#10# 0 0 0 0 0 0 0 0 0 0 #
*****#10# 0 0 0 0 0 0 0 0 0 0 #
*****#10# 0 0 0 0 0 0 0 0 0 0 #
*****#10# 0 0 0 0 0 0 0 0 0 0 #
*****#10# 0 0 0 0 0 0 0 0 0 0 #
*****#10# 1 0 0 1 0 0 0 0 0 0 #
*****#10# 0 0 0 1 0 0 0 0 0 0 #
*****#10# 0 0 0 7 0 0 0 0 0 0 #
*****#10# 0 0 0 0 0 0 0 0 0 0 #
*****#10# 0 0 1 6 0 0 0 0 0 0 #
*****#10# 3 0 0 0 0 0 0 0 0 0 #
*****#10# 0 0 0 0 0 0 0 0 0 0 #
*****#10# 0 0 0 0 0 0 0 0 0 0 #
*****#10# 0 0 0 5 0 0 0 0 0 0 #
*****#10# 0 0 0 27 0 0 0 0 0 0 #
*****#10# 0 0 1 0 0 0 0 0 0 0 #
*****#10# 0 0 0 0 0 0 0 0 0 0 #
*****#10# 0 0 0 0 0 0 0 0 0 0 #
*****#10# 3 0 2 5 0 1 0 0 0 0 #
*****#10# 31 0 28 119 0 35 0 0 3 9 #
*****#10# 0 0 0 1 0 0 0 0 0 0 #
*****#10# 0 0 0 0 0 0 0 0 0 0 #
*****#10# 11 0 0 34 0 0 0 0 0 0 #
*****#10# 9 0 2 17 0 4 0 0 0 1 #
*****#10# 3 0 1 3 0 0 0 0 0 0 #
*****#10# 0 0 0 0 0 0 0 0 0 0 #
*****#10# 2 0 2 0 0 1 0 0 0 0 #
*****#10# 0 0 0 1 0 0 0 0 0 1 #
*****#10# 22 0 1 1 0 1 0 0 0 5 #
*****#10# 11 0 3 1 0 1 0 0 0 4 #
*****#10# 11 0 6 11 0 0 0 0 0 4 #
*****#10# 6 0 0 17 0 0 0 0 0 3 #
*****#10# 82 0 14 11 0 1 0 0 0 3 #
*****#10# 0 0 0 0 0 0 0 0 0 0 #
*****#10# 72 0 11 291 1 2 0 0 3 42 #
*****#10# 14 0 0 0 0 0 0 0 0 0 #
*****#10# 22 0 8 10 0 4 0 0 0 20 #
*****#10# 12 0 3 0 0 0 0 0 0 3 #
*****#10# 12 0 0 9 0 1 0 0 0 1 #
*****#10# 4 0 2 0 0 1 0 0 0 0 #
*****#10# 0 0 1 2 0 0 0 0 0 0 #
*****#10# 119 0 5 20 4 3 3 0 0 18 #
*****#10# 18 0 4 3 0 5 0 0 0 9 #
*****#10# 0 0 0 0 0 0 0 0 0 2 #
*****#10# 0 0 1 0 0 0 0 0 0 0 #
*****#10# 0 0 1 0 0 1 0 0 0 0 #
*****#10# 0 0 1 0 0 1 0 0 0 0 #
*****#10# 0 0 1 0 0 1 0 0 0 0 #
*****#10# 0 0 0 0 0 0 0 0 0 0 #
*****#10# 0 0 0 0 0 0 0 0 0 0 #
*****#10# 0 0 0 0 0 0 0 0 0 0 #
*****#10# 0 0 0 1 0 0 0 0 0 0 #
*****#10# 0 0 0 0 0 0 0 0 0 0 #
*****#10# 0 0 0 0 0 0 0 0 0 0 #
*****#10# 0 0 0 0 0 0 0 0 0 0 #
*****#10# 3 0 0 0 0 0 0 0 0 0 #
*****#10# 0 0 0 0 0 0 0 0 0 0 #
*****#10# 0 0 0 0 0 0 0 0 0 0 #
*****#10# 0 0 0 0 0 0 0 0 0 0 #
*****#10# 0 0 0 0 0 0 0 0 0 0 #
*****#10# 0 0 0 0 0 0 0 0 0 0 #
*****#10# 0 0 0 0 0 0 0 0 0 0 #
*****#10# 0 0 0 0 0 0 0 0 0 0 #
*****#10# 0 0 0 0 0 0 0 0 0 0 #
*****#10# 4 0 0 1 0 0 0 0 0 0 #
*****#10# 1 0 0 1 0 0 0 0 0 0 #
*****#10# 1 0 0 7 0 0 0 0 0 0 #
*****#10# 0 0 0 0 0 0 0 0 0 0 #
*****#10# 5 0 0 0 0 0 0 0 0 0 #
*****#10# 4 0 1 6 0 0 0 0 0 0 #
*****#10# 0 0 0 0 0 0 0 0 0 0 #
*****#10# 2 0 0 0 0 0 0 0 0 0 #
*****#10# 0 0 0 5 0 0 0 0 0 0 #
*****#10# 0 0 1 0 0 0 0 0 0 0 #
*****#10# 0 0 0 27 0 0 0 0 0 0 #
*****#10# 0 0 0 0 0 0 0 0 0 0 #
*****#10# 1 0 0 0 0 0 0 0 0 0 #
*****#10# 16 0 2 5 0 3 0 0 0 0 #
*****#10# 241 0 29 135 0 79 0 0 4 9 #
*****#10# 0 0 0 1 0 0 0 0 0 0 #
*****#10# 36 0 0 34 0 0 0 0 0 0 #
*****#10# 0 0 0 0 0 0 0 0 0 0 #
*****#10# 27 0 2 17 0 7 0 0 0 1 #
*****#10# 5 0 1 3 0 0 0 0 0 0 #
*****#10# 0 0 0 0 0 0 0 0 0 0 #
*****#10# 2 0 2 0 0 1 0 0 0 0 #
*****#10# 0 0 0 1 0 0 0 0 0 1 #
*****#10# 22 0 1 1 0 1 0 0 0 5 #
*****#10# 14 0 3 1 0 1 0 0 0 4 #
*****#10# 11 0 6 11 0 0 0 0 0 4 #
*****#10# 24 0 0 18 0 0 0 0 0 3 #
*****#10# 82 0 14 12 0 1 0 0 0 3 #
*****#10# 138 0 14 300 1 13 0 0 3 42 #
*****#10# 0 0 0 0 0 0 0 0 0 0 #
*****#10# 14 0 0 0 0 0 0 0 0 0 #
*****#10# 35 0 8 12 0 5 0 0 0 20 #
*****#10# 21 0 3 0 0 0 0 0 0 3 #
*****#10# 16 0 0 9 0 3 0 0 0 1 #
*****#10# 4 0 2 0 0 1 0 0 0 0 #
*****#10# 0 0 1 2 0 0 0 0 0 0 #
*****#10# 162 0 5 20 4 3 3 0 0 18 #
*****#10# 47 0 4 3 0 25 0 0 0 9 #
*****#10# 0 0 0 0 0 0 0 0 0 2 #
*****#10# 0 0 0 0 0 0 0 0 0 0 #
*****#10# 0 0 0 0 0 0 0 0 0 0 #
*****#10# 0 0 0 1 0 0 0 0 0 0 #
*****#10# 0 0 0 0 0 0 0 0 0 0 #
*****#10# 0 0 0 0 0 0 0 0 0 0 #
*****#10# 0 0 0 0 0 0 0 0 0 0 #
*****#10# 3 0 0 0 0 0 0 0 0 0 #
*****#10# 0 0 0 0 0 0 0 0 0 0 #
*****#10# 0 0 0 0 0 0 0 0 0 0 #
*****#10# 0 0 0 0 0 0 0 0 0 0 #
*****#10# 0 0 0 0 0 0 0 0 0 0 #
*****#10# 0 0 0 0 0 0 0 0 0 0 #
*****#10# 0 0 0 0 0 0 0 0 0 0 #
*****#10# 0 0 0 0 0 0 0 0 0 0 #
*****#10# 1 0 0 1 0 0 0 0 0 0 #
*****#10# 0 0 0 0 0 0 0 0 0 0 #
*****#10# 0 0 0 0 0 0 0 0 0 0 #
*****#10# 0 0 0 7 0 0 0 0 0 0 #
*****#10# 4 0 0 1 0 0 0 0 0 0 #
*****#10# 0 0 0 0 0 0 0 0 0 0 #
*****#10# 4 0 0 0 0 0 0 0 0 0 #
*****#10# 0 0 1 6 0 0 0 0 0 0 #
*****#10# 0 0 0 0 0 0 0 0 0 0 #
*****#10# 0 0 0 0 0 0 0 0 0 0 #
*****#10# 0 0 0 5 0 0 0 0 0 0 #
*****#10# 0 0 1 0 0 0 0 0 0 0 #
*****#10# 0 0 0 27 0 0 0 0 0 0 #
*****#10# 0 0 0 0 0 0 0 0 0 0 #
*****#10# 0 0 0 0 0 0 0 0 0 0 #
*****#10# 16 0 2 5 0 3 0 0 0 0 #
*****#10# 83 0 29 135 0 79 0 0 4 9 #
*****#10# 0 0 0 1 0 0 0 0 0 0 #
*****#10# 0 0 0 0 0 0 0 0 0 0 #
*****#10# 19 0 0 34 0 0 0 0 0 0 #
*****#10# 27 0 2 17 0 7 0 0 0 1 #
*****#10# 2 0 1 3 0 0 0 0 0 0 #
*****#10# 0 0 0 0 0 0 0 0 0 0 #
*****#10# 2 0 2 0 0 1 0 0 0 0 #
*****#10# 0 0 0 1 0 0 0 0 0 1 #
*****#10# 11 0 6 11 0 0 0 0 0 4 #
*****#10# 22 0 1 1 0 1 0 0 0 5 #
*****#10# 14 0 3 1 0 1 0 0 0 4 #
*****#10# 24 0 0 18 0 0 0 0 0 3 #
*****#10# 82 0 14 12 0 1 0 0 0 3 #
*****#10# 121 0 14 300 1 13 0 0 3 42 #
*****#10# 0 0 0 0 0 0 0 0 0 0 #
*****#10# 14 0 0 0 0 0 0 0 0 0 #
*****#10# 33 0 8 12 0 5 0 0 0 20 #
*****#10# 21 0 3 0 0 0 0 0 0 3 #
*****#10# 16 0 0 9 0 3 0 0 0 1 #
*****#10# 0 0 1 2 0 0 0 0 0 0 #
*****#10# 4 0 2 0 0 1 0 0 0 0 #
*****#10# 161 0 5 20 4 3 3 0 0 18 #
*****#10# 21 0 4 3 0 25 0 0 0 9 #
*****#10# 0 0 0 0 0 0 0 0 0 2 #
*****#10# 0 0 1 0 0 1 0 0 0 0 #
*****#10# 0 0 1 0 0 0 0 0 0 0 #
*****#10# 0 0 1 0 0 0 0 0 0 0 #
*****#10# 0 0 1 0 0 0 0 0 0 0 #
*****#10# 0 0 1 0 0 1 0 0 0 0 #
*****#10# 0 0 1 0 0 1 0 0 0 0 #
*****#10# 0 0 1 0 0 2 0 0 0 0 #
*****#10# 0 0 0 0 0 0 0 0 0 0 #
*****#10# 0 0 0 1 0 0 0 0 0 2 #
*****#10# 0 0 0 0 0 0 0 0 0 0 #
*****#10# 0 0 0 0 0 0 0 0 0 0 #
*****#10# 0 0 0 0 0 0 0 0 0 0 #
*****#10# 6 0 0 0 0 0 0 0 0 0 #
*****#10# 0 0 0 0 0 0 0 0 0 0 #
*****#10# 0 0 0 0 0 0 0 0 0 0 #
*****#10# 3 0 0 0 0 0 0 0 0 0 #
*****#10# 0 0 0 0 0 0 0 0 0 0 #
*****#10# 2 0 0 0 0 0 0 0 0 0 #
*****#10# 0 0 0 0 0 0 0 0 0 0 #
*****#10# 0 0 0 0 0 0 0 0 0 0 #
*****#10# 0 0 0 0 0 0 0 0 0 0 #
*****#10# 0 0 0 0 0 0 0 0 0 0 #
*****#10# 2 0 0 1 0 0 0 0 0 0 #
*****#10# 0 0 0 0 0 0 0 0 0 0 #
*****#10# 18 0 0 1 0 0 0 0 0 0 #
*****#10# 0 0 0 30 0 0 0 0 0 0 #
*****#10# 0 0 0 0 0 0 0 0 0 0 #
*****#10# 25 0 1 6 0 0 0 0 0 0 #
*****#10# 4 0 0 0 0 0 0 0 0 0 #
*****#10# 2 0 0 0 0 0 0 0 0 1 #
*****#10# 0 0 0 0 0 0 0 0 0 0 #
*****#10# 1 0 0 5 0 0 0 0 0 0 #
*****#10# 6 0 1 0 0 0 0 0 0 0 #
*****#10# 0 0 0 27 0 0 0 0 0 0 #
*****#10# 0 0 0 0 0 0 0 0 0 0 #
*****#10# 0 0 0 0 0 0 0 0 0 0 #
*****#10# 128 0 2 7 0 12 0 0 0 57 #
*****#10# 615 0 29 220 0 254 2 0 10 336 #
*****#10# 0 0 0 1 0 0 0 0 0 0 #
*****#10# 41 0 0 39 0 2 0 0 0 16 #
*****#10# 0 0 0 0 0 0 0 0 0 0 #
*****#10# 92 0 2 30 0 9 6 0 0 139 #
*****#10# 5 0 1 5 0 0 0 0 0 15 #
*****#10# 0 0 0 0 0 0 0 0 0 0 #
*****#10# 12 0 2 0 0 1 0 0 0 1 #
*****#10# 0 0 0 1 0 0 0 0 0 36 #
*****#10# 26 0 1 1 0 1 0 0 0 34 #
*****#10# 39 0 3 4 0 2 1 0 0 140 #
*****#10# 43 0 6 11 0 0 0 0 0 8 #
*****#10# 77 0 0 25 0 1 2 0 0 133 #
*****#10# 95 0 15 13 0 1 0 0 1 64 #
*****#10# 259 0 14 338 1 47 2 0 4 288 #
*****#10# 0 0 0 0 0 0 0 0 0 0 #
*****#10# 14 0 0 0 0 0 0 0 0 1 #
*****#10# 91 0 8 28 0 9 0 0 0 61 #
*****#10# 48 0 4 0 0 1 0 0 0 89 #
*****#10# 16 0 0 26 0 3 8 0 0 69 #
*****#10# 0 0 1 2 0 0 0 0 0 10 #
*****#10# 19 0 2 0 0 2 0 0 0 0 #
*****#10# 288 0 8 33 7 7 10 0 0 368 #
*****#10# 40 0 4 4 0 64 0 0 0 131 #
*****#10# 0 0 0 0 0 0 0 0 0 2 #
*****#10# 0 0 0 0 0 0 0 0 0 0 #
*****#10# 0 0 0 0 0 0 0 0 0 0 #
*****#10# 0 0 0 0 0 0 0 0 0 0 #
*****#10# 0 0 0 0 0 0 0 0 0 0 #
*****#10# 0 0 0 0 0 0 0 0 0 0 #
*****#10# 0 0 0 0 0 0 0 0 0 0 #
*****#10# 0 0 0 1 0 0 0 0 0 2 #
*****#10# 0 0 0 0 0 0 0 0 0 0 #
*****#10# 0 0 0 0 0 0 0 0 0 0 #
*****#10# 3 0 0 0 0 0 0 0 0 0 #
*****#10# 6 0 0 0 0 0 0 0 0 0 #
*****#10# 2 0 0 0 0 0 0 0 0 0 #
*****#10# 0 0 0 0 0 0 0 0 0 0 #
*****#10# 0 0 0 0 0 0 0 0 0 0 #
*****#10# 0 0 0 30 0 0 0 0 0 0 #
*****#10# 0 0 0 0 0 0 0 0 0 0 #
*****#10# 2 0 0 1 0 0 0 0 0 0 #
*****#10# 0 0 0 0 0 0 0 0 0 0 #
*****#10# 18 0 0 1 0 0 0 0 0 0 #
*****#10# 0 0 0 0 0 0 0 0 0 0 #
*****#10# 25 0 1 6 0 0 0 0 0 0 #
*****#10# 0 0 0 0 0 0 0 0 0 0 #
*****#10# 1 0 0 5 0 0 0 0 0 0 #
*****#10# 0 0 0 0 0 0 0 0 0 0 #
*****#10# 0 0 0 0 0 0 0 0 0 0 #
*****#10# 0 0 0 1 0 0 0 0 0 2 #
*****#10# 0 0 0 0 0 0 0 0 0 0 #
*****#10# 3 0 0 0 0 0 0 0 0 0 #
*****#10# 0 0 0 0 0 0 0 0 0 0 #
*****#10# 0 0 0 0 0 0 0 0 0 0 #
*****#10# 0 0 0 0 0 0 0 0 0 0 #
*****#10# 0 0 0 0 0 0 0 0 0 0 #
*****#10# 2 0 0 0 0 0 0 0 0 0 #
*****#10# 0 0 0 0 0 0 0 0 0 0 #
*****#10# 0 0 0 0 0 0 0 0 0 0 #
*****#10# 0 0 0 0 0 0 0 0 0 0 #
*****#10# 6 0 0 0 0 0 0 0 0 0 #
*****#10# 0 0 0 0 0 0 0 0 0 0 #
*****#10# 0 0 0 0 0 0 0 0 0 0 #
*****#10# 0 0 0 30 0 0 0 0 0 0 #
*****#10# 0 0 0 0 0 0 0 0 0 0 #
*****#10# 2 0 0 1 0 0 0 0 0 0 #
*****#10# 18 0 0 1 0 0 0 0 0 0 #
*****#10# 0 0 0 0 0 0 0 0 0 0 #
*****#10# 4 0 0 0 0 0 0 0 0 0 #
*****#10# 25 0 1 6 0 0 0 0 0 0 #
*****#10# 0 0 0 0 0 0 0 0 0 0 #
*****#10# 2 0 0 0 0 0 0 0 0 1 #
*****#10# 1 0 0 5 0 0 0 0 0 0 #
*****#10# 6 0 1 0 0 0 0 0 0 0 #
*****#10# 0 0 0 27 0 0 0 0 0 0 #
*****#10# 0 0 0 0 0 0 0 0 0 0 #
*****#10# 0 0 0 0 0 0 0 0 0 0 #
*****#10# 128 0 2 7 0 12 0 0 0 57 #
*****#10# 823 0 102 221 0 278 2 0 10 61 #
*****#10# 0 0 0 1 0 0 0 0 0 0 #
*****#10# 54 0 0 39 0 2 0 0 0 16 #
*****#10# 0 0 0 0 0 0 0 0 0 0 #
*****#10# 129 0 2 54 0 9 77 0 0 7 #
*****#10# 5 0 1 5 0 0 0 0 0 17 #
*****#10# 0 0 0 0 0 0 0 0 0 0 #
*****#10# 0 0 0 2 0 0 0 0 0 31 #
*****#10# 12 0 2 0 0 1 0 0 0 1 #
*****#10# 38 0 1 1 0 1 0 0 0 22 #
*****#10# 60 0 3 4 0 2 1 0 0 119 #
*****#10# 47 0 6 11 0 0 0 0 0 4 #
*****#10# 198 0 0 33 0 1 2 0 0 4 #
*****#10# 102 0 16 50 0 1 0 0 1 19 #
*****#10# 378 0 14 366 1 50 2 0 4 143 #
*****#10# 0 0 0 0 0 0 0 0 0 0 #
*****#10# 14 0 0 0 0 0 0 0 0 1 #
*****#10# 148 0 8 28 0 9 0 0 0 7 #
*****#10# 49 0 4 0 0 1 0 0 0 88 #
*****#10# 41 0 0 26 0 3 8 0 0 43 #
*****#10# 19 0 2 0 0 2 0 0 0 0 #
*****#10# 0 0 1 2 0 0 0 0 0 10 #
*****#10# 457 0 8 107 7 9 10 0 0 121 #
*****#10# 43 0 4 5 0 113 0 0 0 83 #
*****#10# 1 0 0 0 0 1 0 0 0 0 #
